// Jest Snapshot v1, https://goo.gl/fbAQLP

exports[`renders a preview table when data is loaded 1`] = `
<table
  class="htCore"
>
  <colgroup>
    <col
      style="width: 47px;"
    />
  </colgroup>
  <thead>
    <tr>
      <th
        class=""
        title="a"
      >
        <div
          class="relative"
        >
          <span
            class="colHeader columnSorting sortAction"
          >
            a
          </span>
        </div>
      </th>
    </tr>
  </thead>
  <tbody>
    <tr>
      <td
        class="htDimmed"
      >
        1
      </td>
    </tr>
    <tr>
      <td
        class="htDimmed"
      >
        3
      </td>
    </tr>
  </tbody>
</table>
`;
